./inputs/constitution.txt:whatever, from any King, Prince or foreign State.
./inputs/constitution.txt:Massachusetts - Nathaniel Gorham, Rufus King
./inputs/sonnet-29.txt:That then I scorn to change my state with kings.
