./inputs/sonnet-29.txt:That then I scorn to change my state with kings.
