No Person shall be a Representative who shall not have attained to the Age of
which shall be determined by adding to the whole Number of free Persons,
taxed, three fifths of all other Persons.
United States is tried, the Chief Justice shall preside: And no Person shall be
during such time; and no Person holding any Office under the United States,
determined by Yeas and Nays, and the Names of the Persons voting for and
The Migration or Importation of such Persons as any of the States now existing
on such Importation, not exceeding ten dollars for each Person.
No Title of Nobility shall be granted by the United States: And no Person
Representative, or Person holding an Office of Trust or Profit under the United
with themselves. And they shall make a List of all the Persons voted for, and
Votes shall then be counted. The Person having the greatest Number of Votes
immediately choose by Ballot one of them for President; and if no Person have a
every Case, after the Choice of the President, the Person having the greatest
of President; neither shall any Person be eligible to that Office who shall not
them, or in adhering to their Enemies, giving them Aid and Comfort. No Person
during the Life of the Person attainted.
A Person charged in any State with Treason, Felony, or other Crime, who shall
No Person held to Service or Labour in one State, under the Laws thereof,
