No Person shall be a Representative who shall not have attained to the Age of
which shall be determined by adding to the whole Number of free Persons,
taxed, three fifths of all other Persons.
No person shall be a Senator who shall not have attained to the Age of thirty
United States is tried, the Chief Justice shall preside: And no Person shall be
during such time; and no Person holding any Office under the United States,
determined by Yeas and Nays, and the Names of the Persons voting for and
The Migration or Importation of such Persons as any of the States now existing
on such Importation, not exceeding ten dollars for each Person.
No Title of Nobility shall be granted by the United States: And no Person
Representative, or Person holding an Office of Trust or Profit under the United
persons, of whom one at least shall not lie an Inhabitant of the same State
with themselves. And they shall make a List of all the Persons voted for, and
Votes shall then be counted. The Person having the greatest Number of Votes
immediately choose by Ballot one of them for President; and if no Person have a
every Case, after the Choice of the President, the Person having the greatest
No person except a natural born Citizen, or a Citizen of the United States, at
of President; neither shall any Person be eligible to that Office who shall not
them, or in adhering to their Enemies, giving them Aid and Comfort. No Person
during the Life of the Person attainted.
A Person charged in any State with Treason, Felony, or other Crime, who shall
No Person held to Service or Labour in one State, under the Laws thereof,
The right of the people to be secure in their persons, houses, papers, and
persons or things to be seized.
No person shall be held to answer for a capital, or otherwise infamous crime,
of War or public danger; nor shall any person be subject for the same offense
of the same state with themselves; they shall name in their ballots the person
voted for as President, and in distinct ballots the person voted for as
Vice-President, and they shall make distinct lists of all persons voted for as
President, and of all persons voted for as Vice-President and of the number of
The person having the greatest Number of votes for President, shall be the
appointed; and if no person have such majority, then from the persons having
The person having the greatest number of votes as Vice-President, shall be the
appointed, and if no person have a majority, then from the two highest numbers
majority of the whole number shall be necessary to a choice. But no person
1. All persons born or naturalized in the United States, and subject to the
State deprive any person of life, liberty, or property, without due process of
law; nor deny to any person within its jurisdiction the equal protection of the
their respective numbers, counting the whole number of persons in each State,
3. No person shall be a Senator or Representative in Congress, or elector of
act shall be selected, and such person shall act accordingly until a President
persons from whom the House of Representatives may choose a President whenever
death of any of the persons from whom the Senate may choose a Vice President
1. No person shall be elected to the office of the President more than twice,
and no person who has held the office of President, or acted as President, for
more than two years of a term to which some other person was elected President
Article shall not apply to any person holding the office of President, when this
Article was proposed by the Congress, and shall not prevent any person who may
