AT3ACA2TA2T3A2TA4T2A2CTAGA3TA4TAT2GTATGA4TATGT2A3T
A2TGA3GT5CAGATCGT3A2TA2TAT5CT2C2AT4GCT6CTA4T
TGT2CA5CA3CT2CA3G2A4TCT2CA4T3ACATGAT4ATAT3A3CA
A2TAGAGT2A2GTATA2GAGA3T2G2ATATG2TGATGCT2CA2TA3TA7TGA2
AGAGTATGTCA2TGTGATGTACGCA2TA2T2GACA3GT2GAT2CATG3A4TCT2GA
T3ATCTACA5CTA3T2CT4CTGA2T3AT2A2TGTCGATA2G2A2TCTACAT2
